// Jest Snapshot v1, https://goo.gl/fbAQLP

exports[`CustomEventPanel should render 1`] = `
<div>
  <div>
    <thead>
      <tr>
        <th>
          EventName
        </th>
        <th>
          Data
        </th>
        <th>
          (opt.) Selector
        </th>
        <th>
           
        </th>
      </tr>
    </thead>
    <tbody>
      <tr>
        <td>
          <input
            className="css-12d6kl5"
            onChange={[Function]}
            type="text"
            value=""
          />
        </td>
        <td>
          <textarea
            className="css-12d6kl5"
            onChange={[Function]}
            value=""
          />
        </td>
        <td>
          <div
            className="css-k008qs"
          >
            <div
              className="css-11elljy"
            >
              <div />
            </div>
            <span>
              Add Selektor
            </span>
          </div>
        </td>
        <td>
          <button
            onClick={[Function]}
          >
            send
          </button>
        </td>
      </tr>
      <tr>
        <td>
          <div
            className="css-k008qs"
            onClick={[Function]}
          >
            <div
              className="css-11elljy"
            >
              <div />
            </div>
            <span>
              Add new Line
            </span>
          </div>
        </td>
      </tr>
    </tbody>
  </div>
</div>
`;
