// Jest Snapshot v1, https://goo.gl/fbAQLP

exports[`CustomEventRow should render 1`] = `
<tr>
  <td>
    <input
      className="css-12d6kl5"
      onChange={[Function]}
      type="text"
      value="test:event"
    />
  </td>
  <td>
    <textarea
      className="css-12d6kl5"
      onChange={[Function]}
      value={null}
    />
  </td>
  <td>
    <div
      className="css-k008qs"
    >
      <textarea
        className="css-12d6kl5"
        onChange={[Function]}
        value=".test"
      />
    </div>
  </td>
  <td>
    <button
      onClick={[Function]}
    >
      send
    </button>
  </td>
</tr>
`;
